#
# There is insufficient memory for the Java Runtime Environment to continue.
# Native memory allocation (malloc) failed to allocate 1128416 bytes. Error detail: Chunk::new
# Possible reasons:
#   The system is out of physical RAM or swap space
#   This process is running with CompressedOops enabled, and the Java Heap may be blocking the growth of the native heap
# Possible solutions:
#   Reduce memory load on the system
#   Increase physical memory or swap space
#   Check if swap backing store is full
#   Decrease Java heap size (-Xmx/-Xms)
#   Decrease number of Java threads
#   Decrease Java thread stack sizes (-Xss)
#   Set larger code cache with -XX:ReservedCodeCacheSize=
#   JVM is running with Unscaled Compressed Oops mode in which the Java heap is
#     placed in the first 4GB address space. The Java Heap base address is the
#     maximum limit for the native heap growth. Please use -XX:HeapBaseMinAddress
#     to set the Java Heap base and to place the Java Heap above 4GB virtual address.
# This output file may be truncated or incomplete.
#
#  Out of Memory Error (arena.cpp:168), pid=19084, tid=19656
#
# JRE version: OpenJDK Runtime Environment Temurin-21.0.11+10 (21.0.11+10) (build 21.0.11+10-LTS)
# Java VM: OpenJDK 64-Bit Server VM Temurin-21.0.11+10 (21.0.11+10-LTS, mixed mode, sharing, tiered, compressed oops, compressed class ptrs, parallel gc, windows-amd64)
# No core dump will be written. Minidumps are not enabled by default on client versions of Windows
#

---------------  S U M M A R Y ------------

Command Line: --add-modules=ALL-SYSTEM --add-opens=java.base/java.util=ALL-UNNAMED --add-opens=java.base/java.lang=ALL-UNNAMED --add-opens=java.base/sun.nio.fs=ALL-UNNAMED -Declipse.application=org.eclipse.jdt.ls.core.id1 -Dosgi.bundles.defaultStartLevel=4 -Declipse.product=org.eclipse.jdt.ls.core.product -Djava.import.generatesMetadataFilesAtProjectRoot=false -DDetectVMInstallationsJob.disabled=true -Dfile.encoding=utf8 -XX:+UseParallelGC -XX:GCTimeRatio=4 -XX:AdaptiveSizePolicyWeight=90 -Dsun.zip.disableMemoryMapping=true -Xmx2G -Xms100m -Xlog:disable -javaagent:c:\Users\ASUS\.antigravity-ide\extensions\redhat.java-1.55.0-win32-x64\lombok\lombok-1.18.39-4050.jar -XX:+HeapDumpOnOutOfMemoryError -XX:HeapDumpPath=c:\Users\ASUS\AppData\Roaming\Antigravity IDE\User\workspaceStorage\eb2a1b49c0e2c575c4b2799b976d4a89\redhat.java -Daether.dependencyCollector.impl=bf c:\Users\ASUS\.antigravity-ide\extensions\redhat.java-1.55.0-win32-x64\server\plugins\org.eclipse.equinox.launcher_1.7.200.v20260619-2039.jar -configuration c:\Users\ASUS\AppData\Roaming\Antigravity IDE\User\globalStorage\redhat.java\1.55.0\config_win -data c:\Users\ASUS\AppData\Roaming\Antigravity IDE\User\workspaceStorage\eb2a1b49c0e2c575c4b2799b976d4a89\redhat.java\jdt_ws --pipe=\\.\pipe\lsp-47079f11bcb5bbb660500cb60b370c77-sock

Host: 13th Gen Intel(R) Core(TM) i5-13420H, 12 cores, 15G,  Windows 11 , 64 bit Build 26100 (10.0.26100.8521)
Time: Wed Jul  1 16:03:42 2026 Sri Lanka Standard Time elapsed time: 68.409242 seconds (0d 0h 1m 8s)

---------------  T H R E A D  ---------------

Current thread (0x000001eb3693dd60):  JavaThread "C2 CompilerThread0" daemon [_thread_in_native, id=19656, stack(0x000000be89000000,0x000000be89100000) (1024K)]


Current CompileTask:
C2:68409 11037   !   4       org.eclipse.osgi.internal.loader.BundleLoader::findRequiredSource (283 bytes)

Stack: [0x000000be89000000,0x000000be89100000]
Native frames: (J=compiled Java code, j=interpreted, Vv=VM code, C=native code)
V  [jvm.dll+0x6d7e19]
V  [jvm.dll+0x8b5096]
V  [jvm.dll+0x8b764e]
V  [jvm.dll+0x8b7d33]
V  [jvm.dll+0x284596]
V  [jvm.dll+0xc685d]
V  [jvm.dll+0xc6da1]
V  [jvm.dll+0x2fb4ee]
V  [jvm.dll+0x5fe9a4]
V  [jvm.dll+0x255d67]
V  [jvm.dll+0x25612d]
V  [jvm.dll+0x24e6a0]
V  [jvm.dll+0x24bbe6]
V  [jvm.dll+0x1cb4ae]
V  [jvm.dll+0x25baad]
V  [jvm.dll+0x25a03a]
V  [jvm.dll+0x3f868e]
V  [jvm.dll+0x85fb0d]
V  [jvm.dll+0x6d664d]
C  [ucrtbase.dll+0x2cd30]
C  [KERNEL32.DLL+0x2e957]
C  [ntdll.dll+0x87c1c]


---------------  P R O C E S S  ---------------

Threads class SMR info:
_java_thread_list=0x000001eb97159e50, length=67, elements={
0x000001eb34476cd0, 0x000001eb369333c0, 0x000001eb4d33cb30, 0x000001eb369355f0,
0x000001eb36936050, 0x000001eb36936ab0, 0x000001eb3693a9e0, 0x000001eb3693dd60,
0x000001eb8f69d540, 0x000001eb8f8dc8d0, 0x000001eb8f9e8dc0, 0x000001eb951f0210,
0x000001eb95209350, 0x000001eb906671c0, 0x000001eb8f8a82c0, 0x000001eb90d442c0,
0x000001eb90b24460, 0x000001eb95142920, 0x000001eb90c7a160, 0x000001eb90c78090,
0x000001eb90c79440, 0x000001eb90c78720, 0x000001eb90c78db0, 0x000001eb90c7a7f0,
0x000001eb90c79ad0, 0x000001eb90c7b510, 0x000001eb97d6a710, 0x000001eb97d6b430,
0x000001eb97d6db90, 0x000001eb97d6e220, 0x000001eb97d6ada0, 0x000001eb97d6e8b0,
0x000001eb97d6ef40, 0x000001eb97d6bac0, 0x000001eb97d6d500, 0x000001eb97d6c7e0,
0x000001eb97d6ce70, 0x000001eb97d6c150, 0x000001eb97d70980, 0x000001eb97d6fc60,
0x000001eb97d716a0, 0x000001eb97d702f0, 0x000001eb97d71d30, 0x000001eb97d6f5d0,
0x000001eb964a3000, 0x000001eb964a3690, 0x000001eb964a2970, 0x000001eb964a4a40,
0x000001eb966f43b0, 0x000001eb966f4a40, 0x000001eb966f6b10, 0x000001eb966f3690,
0x000001eb966f8be0, 0x000001eb966f71a0, 0x000001eb97abb8f0, 0x000001eb97abef70,
0x000001eb966f9900, 0x000001eb966f7830, 0x000001eb966f7ec0, 0x000001eb966f8550,
0x000001eb966f9270, 0x000001eb964a3d20, 0x000001eb964a15c0, 0x000001eb964a1c50,
0x000001eb90c7ae80, 0x000001eb95bcd110, 0x000001eb95bcca80
}

Java Threads: ( => current thread )
  0x000001eb34476cd0 JavaThread "main"                              [_thread_blocked, id=9124, stack(0x000000be88600000,0x000000be88700000) (1024K)]
  0x000001eb369333c0 JavaThread "Reference Handler"          daemon [_thread_blocked, id=19872, stack(0x000000be88a00000,0x000000be88b00000) (1024K)]
  0x000001eb4d33cb30 JavaThread "Finalizer"                  daemon [_thread_blocked, id=19688, stack(0x000000be88b00000,0x000000be88c00000) (1024K)]
  0x000001eb369355f0 JavaThread "Signal Dispatcher"          daemon [_thread_blocked, id=10860, stack(0x000000be88c00000,0x000000be88d00000) (1024K)]
  0x000001eb36936050 JavaThread "Attach Listener"            daemon [_thread_blocked, id=20244, stack(0x000000be88d00000,0x000000be88e00000) (1024K)]
  0x000001eb36936ab0 JavaThread "Service Thread"             daemon [_thread_blocked, id=19648, stack(0x000000be88e00000,0x000000be88f00000) (1024K)]
  0x000001eb3693a9e0 JavaThread "Monitor Deflation Thread"   daemon [_thread_blocked, id=19624, stack(0x000000be88f00000,0x000000be89000000) (1024K)]
=>0x000001eb3693dd60 JavaThread "C2 CompilerThread0"         daemon [_thread_in_native, id=19656, stack(0x000000be89000000,0x000000be89100000) (1024K)]
  0x000001eb8f69d540 JavaThread "C1 CompilerThread0"         daemon [_thread_blocked, id=20380, stack(0x000000be89100000,0x000000be89200000) (1024K)]
  0x000001eb8f8dc8d0 JavaThread "Common-Cleaner"             daemon [_thread_blocked, id=20384, stack(0x000000be89300000,0x000000be89400000) (1024K)]
  0x000001eb8f9e8dc0 JavaThread "Notification Thread"        daemon [_thread_blocked, id=11156, stack(0x000000be89200000,0x000000be89300000) (1024K)]
  0x000001eb951f0210 JavaThread "Active Thread: Equinox Container: 348b3d66-344f-499d-8089-a2171c2bae4a"        [_thread_blocked, id=8780, stack(0x000000be89b00000,0x000000be89c00000) (1024K)]
  0x000001eb95209350 JavaThread "Refresh Thread: Equinox Container: 348b3d66-344f-499d-8089-a2171c2bae4a" daemon [_thread_blocked, id=21428, stack(0x000000be89c00000,0x000000be89d00000) (1024K)]
  0x000001eb906671c0 JavaThread "Framework Event Dispatcher: Equinox Container: 348b3d66-344f-499d-8089-a2171c2bae4a" daemon [_thread_blocked, id=5256, stack(0x000000be89d00000,0x000000be89e00000) (1024K)]
  0x000001eb8f8a82c0 JavaThread "Start Level: Equinox Container: 348b3d66-344f-499d-8089-a2171c2bae4a" daemon [_thread_blocked, id=20228, stack(0x000000be89e00000,0x000000be89f00000) (1024K)]
  0x000001eb90d442c0 JavaThread "Bundle File Closer"         daemon [_thread_blocked, id=4696, stack(0x000000be8a200000,0x000000be8a300000) (1024K)]
  0x000001eb90b24460 JavaThread "SCR Component Actor"        daemon [_thread_blocked, id=17748, stack(0x000000be89f00000,0x000000be8a000000) (1024K)]
  0x000001eb95142920 JavaThread "Worker-JM"                         [_thread_blocked, id=21160, stack(0x000000be8a400000,0x000000be8a500000) (1024K)]
  0x000001eb90c7a160 JavaThread "JNA Cleaner"                daemon [_thread_blocked, id=20604, stack(0x000000be8a500000,0x000000be8a600000) (1024K)]
  0x000001eb90c78090 JavaThread "Worker-0"                          [_thread_blocked, id=21200, stack(0x000000be8a600000,0x000000be8a700000) (1024K)]
  0x000001eb90c79440 JavaThread "Worker-1"                          [_thread_blocked, id=20880, stack(0x000000be8a700000,0x000000be8a800000) (1024K)]
  0x000001eb90c78720 JavaThread "Worker-2"                          [_thread_blocked, id=9268, stack(0x000000be8a800000,0x000000be8a900000) (1024K)]
  0x000001eb90c78db0 JavaThread "Java indexing"              daemon [_thread_blocked, id=11148, stack(0x000000be8ab00000,0x000000be8ac00000) (1024K)]
  0x000001eb90c7a7f0 JavaThread "Worker-3"                          [_thread_blocked, id=12396, stack(0x000000be8ac00000,0x000000be8ad00000) (1024K)]
  0x000001eb90c79ad0 JavaThread "Worker-4"                          [_thread_blocked, id=1736, stack(0x000000be8ad00000,0x000000be8ae00000) (1024K)]
  0x000001eb90c7b510 JavaThread "Worker-5: Initialize workspace"        [_thread_in_native, id=17220, stack(0x000000be8af00000,0x000000be8b000000) (1024K)]
  0x000001eb97d6a710 JavaThread "Thread-1"                   daemon [_thread_in_native, id=20220, stack(0x000000be8b000000,0x000000be8b100000) (1024K)]
  0x000001eb97d6b430 JavaThread "Thread-2"                   daemon [_thread_in_native, id=6756, stack(0x000000be8b100000,0x000000be8b200000) (1024K)]
  0x000001eb97d6db90 JavaThread "Thread-3"                   daemon [_thread_in_native, id=13616, stack(0x000000be8b200000,0x000000be8b300000) (1024K)]
  0x000001eb97d6e220 JavaThread "Thread-4"                   daemon [_thread_in_native, id=19900, stack(0x000000be8b300000,0x000000be8b400000) (1024K)]
  0x000001eb97d6ada0 JavaThread "Thread-5"                   daemon [_thread_in_native, id=20796, stack(0x000000be8b400000,0x000000be8b500000) (1024K)]
  0x000001eb97d6e8b0 JavaThread "Thread-6"                   daemon [_thread_in_native, id=11576, stack(0x000000be8b500000,0x000000be8b600000) (1024K)]
  0x000001eb97d6ef40 JavaThread "Thread-7"                   daemon [_thread_in_native, id=7012, stack(0x000000be8b600000,0x000000be8b700000) (1024K)]
  0x000001eb97d6bac0 JavaThread "Thread-8"                   daemon [_thread_in_native, id=12192, stack(0x000000be8b700000,0x000000be8b800000) (1024K)]
  0x000001eb97d6d500 JavaThread "Thread-9"                   daemon [_thread_in_native, id=21476, stack(0x000000be8b800000,0x000000be8b900000) (1024K)]
  0x000001eb97d6c7e0 JavaThread "Thread-10"                  daemon [_thread_in_native, id=20304, stack(0x000000be8b900000,0x000000be8ba00000) (1024K)]
  0x000001eb97d6ce70 JavaThread "Thread-11"                  daemon [_thread_in_native, id=13140, stack(0x000000be8ba00000,0x000000be8bb00000) (1024K)]
  0x000001eb97d6c150 JavaThread "Thread-12"                  daemon [_thread_in_native, id=21280, stack(0x000000be8bb00000,0x000000be8bc00000) (1024K)]
  0x000001eb97d70980 JavaThread "Thread-13"                  daemon [_thread_in_native, id=13800, stack(0x000000be8bc00000,0x000000be8bd00000) (1024K)]
  0x000001eb97d6fc60 JavaThread "pool-2-thread-1"                   [_thread_blocked, id=20536, stack(0x000000be8bd00000,0x000000be8be00000) (1024K)]
  0x000001eb97d716a0 JavaThread "WorkspaceEventsHandler"            [_thread_blocked, id=6112, stack(0x000000be8be00000,0x000000be8bf00000) (1024K)]
  0x000001eb97d702f0 JavaThread "pool-1-thread-1"                   [_thread_blocked, id=21408, stack(0x000000be8bf00000,0x000000be8c000000) (1024K)]
  0x000001eb97d71d30 JavaThread "LocalFile Deleter"          daemon [_thread_blocked, id=3900, stack(0x000000be8c000000,0x000000be8c100000) (1024K)]
  0x000001eb97d6f5d0 JavaThread "LocalFile Deleter"          daemon [_thread_blocked, id=19576, stack(0x000000be8c100000,0x000000be8c200000) (1024K)]
  0x000001eb964a3000 JavaThread "LocalFile Deleter"          daemon [_thread_blocked, id=8432, stack(0x000000be8c200000,0x000000be8c300000) (1024K)]
  0x000001eb964a3690 JavaThread "Compiler Source File Reader" daemon [_thread_blocked, id=16096, stack(0x000000be8c300000,0x000000be8c400000) (1024K)]
  0x000001eb964a2970 JavaThread "Compiler Processing Task"   daemon [_thread_blocked, id=11448, stack(0x000000be8c400000,0x000000be8c500000) (1024K)]
  0x000001eb964a4a40 JavaThread "Compiler Class File Writer" daemon [_thread_blocked, id=21252, stack(0x000000be8c500000,0x000000be8c600000) (1024K)]
  0x000001eb966f43b0 JavaThread "Compiler Source File Reader" daemon [_thread_blocked, id=11888, stack(0x000000be8c600000,0x000000be8c700000) (1024K)]
  0x000001eb966f4a40 JavaThread "Compiler Class File Writer" daemon [_thread_blocked, id=13156, stack(0x000000be8c700000,0x000000be8c800000) (1024K)]
  0x000001eb966f6b10 JavaThread "ForkJoinPool.commonPool-worker-1" daemon [_thread_in_native, id=13276, stack(0x000000be88300000,0x000000be88400000) (1024K)]
  0x000001eb966f3690 JavaThread "ForkJoinPool.commonPool-worker-2" daemon [_thread_blocked, id=5444, stack(0x000000be88400000,0x000000be88500000) (1024K)]
  0x000001eb966f8be0 JavaThread "ForkJoinPool.commonPool-worker-3" daemon [_thread_blocked, id=19804, stack(0x000000be88500000,0x000000be88600000) (1024K)]
  0x000001eb966f71a0 JavaThread "ForkJoinPool.commonPool-worker-4" daemon [_thread_blocked, id=20744, stack(0x000000be8a900000,0x000000be8aa00000) (1024K)]
  0x000001eb97abb8f0 JavaThread "C2 CompilerThread1"         daemon [_thread_in_native, id=17092, stack(0x000000be8aa00000,0x000000be8ab00000) (1024K)]
  0x000001eb97abef70 JavaThread "C2 CompilerThread2"         daemon [_thread_in_native, id=19544, stack(0x000000be8c800000,0x000000be8c900000) (1024K)]
  0x000001eb966f9900 JavaThread "PatternSearchJob-worker-1"  daemon [_thread_blocked, id=5684, stack(0x000000be8c900000,0x000000be8ca00000) (1024K)]
  0x000001eb966f7830 JavaThread "PatternSearchJob-worker-2"  daemon [_thread_blocked, id=5556, stack(0x000000be8ca00000,0x000000be8cb00000) (1024K)]
  0x000001eb966f7ec0 JavaThread "PatternSearchJob-worker-4"  daemon [_thread_blocked, id=16516, stack(0x000000be8cb00000,0x000000be8cc00000) (1024K)]
  0x000001eb966f8550 JavaThread "PatternSearchJob-worker-3"  daemon [_thread_blocked, id=16960, stack(0x000000be8cc00000,0x000000be8cd00000) (1024K)]
  0x000001eb966f9270 JavaThread "PatternSearchJob-worker-5"  daemon [_thread_blocked, id=14692, stack(0x000000be8cd00000,0x000000be8ce00000) (1024K)]
  0x000001eb964a3d20 JavaThread "PatternSearchJob-worker-6"  daemon [_thread_blocked, id=10532, stack(0x000000be8ce00000,0x000000be8cf00000) (1024K)]
  0x000001eb964a15c0 JavaThread "PatternSearchJob-worker-7"  daemon [_thread_blocked, id=3968, stack(0x000000be8cf00000,0x000000be8d000000) (1024K)]
  0x000001eb964a1c50 JavaThread "PatternSearchJob-worker-8"  daemon [_thread_blocked, id=16352, stack(0x000000be8d000000,0x000000be8d100000) (1024K)]
  0x000001eb90c7ae80 JavaThread "PatternSearchJob-worker-9"  daemon [_thread_blocked, id=2896, stack(0x000000be8d100000,0x000000be8d200000) (1024K)]
  0x000001eb95bcd110 JavaThread "PatternSearchJob-worker-10" daemon [_thread_blocked, id=13336, stack(0x000000be8d200000,0x000000be8d300000) (1024K)]
  0x000001eb95bcca80 JavaThread "PatternSearchJob-worker-11" daemon [_thread_blocked, id=9444, stack(0x000000be8d300000,0x000000be8d400000) (1024K)]
Total: 67

Other Threads:
  0x000001eb4d3235b0 VMThread "VM Thread"                           [id=2828, stack(0x000000be88900000,0x000000be88a00000) (1024K)]
  0x000001eb4d21ba00 WatcherThread "VM Periodic Task Thread"        [id=14752, stack(0x000000be88800000,0x000000be88900000) (1024K)]
  0x000001eb368aac30 WorkerThread "GC Thread#0"                     [id=8732, stack(0x000000be88700000,0x000000be88800000) (1024K)]
  0x000001eb90764900 WorkerThread "GC Thread#1"                     [id=21100, stack(0x000000be89400000,0x000000be89500000) (1024K)]
  0x000001eb90764550 WorkerThread "GC Thread#2"                     [id=21248, stack(0x000000be89500000,0x000000be89600000) (1024K)]
  0x000001eb90763a40 WorkerThread "GC Thread#3"                     [id=20492, stack(0x000000be89600000,0x000000be89700000) (1024K)]
  0x000001eb90763df0 WorkerThread "GC Thread#4"                     [id=21388, stack(0x000000be89700000,0x000000be89800000) (1024K)]
  0x000001eb90765410 WorkerThread "GC Thread#5"                     [id=10540, stack(0x000000be89800000,0x000000be89900000) (1024K)]
  0x000001eb907641a0 WorkerThread "GC Thread#6"                     [id=19564, stack(0x000000be89900000,0x000000be89a00000) (1024K)]
  0x000001eb90765060 WorkerThread "GC Thread#7"                     [id=4016, stack(0x000000be89a00000,0x000000be89b00000) (1024K)]
  0x000001eb8f98bb60 WorkerThread "GC Thread#8"                     [id=6840, stack(0x000000be8a000000,0x000000be8a100000) (1024K)]
  0x000001eb8f98b7b0 WorkerThread "GC Thread#9"                     [id=7748, stack(0x000000be8a100000,0x000000be8a200000) (1024K)]
Total: 12

Threads with active compile tasks:
C2 CompilerThread0  68449 11037   !   4       org.eclipse.osgi.internal.loader.BundleLoader::findRequiredSource (283 bytes)
C2 CompilerThread1  68449 11114       4       org.eclipse.jdt.internal.core.util.WeakHashSet::cleanupGarbageCollectedValues (144 bytes)
C2 CompilerThread2  68449 11106       4       org.eclipse.jdt.internal.core.util.WeakHashSet::add (105 bytes)
Total: 3

VM state: not at safepoint (normal execution)

VM Mutex/Monitor currently owned by a thread: None

Heap address: 0x0000000080000000, size: 2048 MB, Compressed Oops mode: 32-bit

CDS archive(s) mapped at: [0x000001eb4e000000-0x000001eb4eba0000-0x000001eb4eba0000), size 12189696, SharedBaseAddress: 0x000001eb4e000000, ArchiveRelocationMode: 1.
Compressed class space mapped at: 0x000001eb4f000000-0x000001eb8f000000, reserved size: 1073741824
Narrow klass base: 0x000001eb4e000000, Narrow klass shift: 0, Narrow klass range: 0x100000000

GC Precious Log:
 CardTable entry size: 512
 CPUs: 12 total, 12 available
 Memory: 16009M
 Large Page Support: Disabled
 NUMA Support: Disabled
 Compressed Oops: Enabled (32-bit)
 Alignments: Space 512K, Generation 512K, Heap 2M
 Heap Min Capacity: 100M
 Heap Initial Capacity: 100M
 Heap Max Capacity: 2G
 Pre-touch: Disabled
 Parallel Workers: 10

Heap:
 PSYoungGen      total 51200K, used 43397K [0x00000000d5580000, 0x00000000d9980000, 0x0000000100000000)
  eden space 35328K, 79% used [0x00000000d5580000,0x00000000d710aad8,0x00000000d7800000)
  from space 15872K, 95% used [0x00000000d7800000,0x00000000d86d6a78,0x00000000d8780000)
  to   space 15360K, 0% used [0x00000000d8a80000,0x00000000d8a80000,0x00000000d9980000)
 ParOldGen       total 228352K, used 227923K [0x0000000080000000, 0x000000008df00000, 0x00000000d5580000)
  object space 228352K, 99% used [0x0000000080000000,0x000000008de94f80,0x000000008df00000)
 Metaspace       used 61057K, committed 62656K, reserved 1114112K
  class space    used 6592K, committed 7232K, reserved 1048576K

Card table byte_map: [0x000001eb36250000,0x000001eb36660000] _byte_map_base: 0x000001eb35e50000

Marking Bits: (ParMarkBitMap*) 0x00007ffa87804460
 Begin Bits: [0x000001eb48d40000, 0x000001eb4ad40000)
 End Bits:   [0x000001eb4ad40000, 0x000001eb4cd40000)

Polling page: 0x000001eb34880000

Metaspace:

Usage:
  Non-class:     53.19 MB used.
      Class:      6.44 MB used.
       Both:     59.63 MB used.

Virtual space:
  Non-class space:       64.00 MB reserved,      54.12 MB ( 85%) committed,  1 nodes.
      Class space:        1.00 GB reserved,       7.06 MB ( <1%) committed,  1 nodes.
             Both:        1.06 GB reserved,      61.19 MB (  6%) committed. 

Chunk freelists:
   Non-Class:  9.35 MB
       Class:  8.95 MB
        Both:  18.30 MB

MaxMetaspaceSize: unlimited
CompressedClassSpaceSize: 1.00 GB
Initial GC threshold: 21.00 MB
Current GC threshold: 99.94 MB
CDS: on
 - commit_granule_bytes: 65536.
 - commit_granule_words: 8192.
 - virtual_space_node_default_size: 8388608.
 - enlarge_chunks_in_place: 1.
 - use_allocation_guard: 0.


Internal statistics:

num_allocs_failed_limit: 9.
num_arena_births: 1178.
num_arena_deaths: 22.
num_vsnodes_births: 2.
num_vsnodes_deaths: 0.
num_space_committed: 979.
num_space_uncommitted: 0.
num_chunks_returned_to_freelist: 35.
num_chunks_taken_from_freelist: 4171.
num_chunk_merges: 19.
num_chunk_splits: 2502.
num_chunks_enlarged: 1288.
num_inconsistent_stats: 0.

CodeHeap 'non-profiled nmethods': size=120000Kb used=7163Kb max_used=7441Kb free=112836Kb
 bounds [0x000001eb41560000, 0x000001eb41cb0000, 0x000001eb48a90000]
CodeHeap 'profiled nmethods': size=120000Kb used=18880Kb max_used=20887Kb free=101119Kb
 bounds [0x000001eb39a90000, 0x000001eb3af20000, 0x000001eb40fc0000]
CodeHeap 'non-nmethods': size=5760Kb used=1442Kb max_used=1494Kb free=4317Kb
 bounds [0x000001eb40fc0000, 0x000001eb41230000, 0x000001eb41560000]
CodeCache: size=245760Kb, used=27485Kb, max_used=29822Kb, free=218272Kb
 total_blobs=9929, nmethods=9189, adapters=644, full_count=0
Compilation: enabled, stopped_count=0, restarted_count=0

Compilation events (20 events):
Event: 67.410 Thread 0x000001eb8f69d540 nmethod 11124 0x000001eb3ab8e390 code [0x000001eb3ab8e560, 0x000001eb3ab8e800]
Event: 67.412 Thread 0x000001eb8f69d540 11125       3       org.apache.maven.artifact.repository.MavenArtifactRepository::<init> (56 bytes)
Event: 67.412 Thread 0x000001eb8f69d540 nmethod 11125 0x000001eb3a4ed010 code [0x000001eb3a4ed220, 0x000001eb3a4ed6c0]
Event: 67.412 Thread 0x000001eb8f69d540 11126       3       org.apache.maven.artifact.repository.MavenArtifactRepository::protocol (25 bytes)
Event: 67.412 Thread 0x000001eb8f69d540 nmethod 11126 0x000001eb3a9ce910 code [0x000001eb3a9ceb20, 0x000001eb3a9cef80]
Event: 67.413 Thread 0x000001eb8f69d540 11127       3       java.lang.invoke.LambdaForm$MH/0x000001eb4f55a800::linkToTargetMethod (10 bytes)
Event: 67.413 Thread 0x000001eb8f69d540 nmethod 11127 0x000001eb3abcdf10 code [0x000001eb3abce0e0, 0x000001eb3abce4b8]
Event: 67.413 Thread 0x000001eb8f69d540 11128       3       java.lang.runtime.ObjectMethods::eq (11 bytes)
Event: 67.413 Thread 0x000001eb8f69d540 nmethod 11128 0x000001eb3a4b7e90 code [0x000001eb3a4b8020, 0x000001eb3a4b8160]
Event: 67.413 Thread 0x000001eb8f69d540 11129       3       java.lang.invoke.LambdaForm$MH/0x000001eb4f558400::invoke (8 bytes)
Event: 67.413 Thread 0x000001eb8f69d540 nmethod 11129 0x000001eb3a7af210 code [0x000001eb3a7af3c0, 0x000001eb3a7af670]
Event: 67.423 Thread 0x000001eb8f69d540 11130       3       org.eclipse.m2e.core.internal.preferences.MavenConfigurationImpl::getUserSettingsFile (8 bytes)
Event: 67.423 Thread 0x000001eb8f69d540 nmethod 11130 0x000001eb3a941690 code [0x000001eb3a941840, 0x000001eb3a941a48]
Event: 67.423 Thread 0x000001eb8f69d540 11131       3       org.eclipse.m2e.core.internal.preferences.MavenConfigurationImpl::getGlobalSettingsFile (8 bytes)
Event: 67.423 Thread 0x000001eb8f69d540 nmethod 11131 0x000001eb3a956c90 code [0x000001eb3a956e40, 0x000001eb3a957048]
Event: 67.424 Thread 0x000001eb8f69d540 11132       3       org.eclipse.m2e.core.internal.preferences.MavenConfigurationImpl::getSettingsLocations (61 bytes)
Event: 67.425 Thread 0x000001eb8f69d540 nmethod 11132 0x000001eb3ac63890 code [0x000001eb3ac63ae0, 0x000001eb3ac642a8]
Event: 67.425 Thread 0x000001eb8f69d540 11133       3       org.eclipse.m2e.core.embedder.MavenSettingsLocations::<init> (15 bytes)
Event: 67.425 Thread 0x000001eb8f69d540 nmethod 11133 0x000001eb3a9a0610 code [0x000001eb3a9a07c0, 0x000001eb3a9a09b8]
Event: 67.425 Thread 0x000001eb8f69d540 11134       3       org.eclipse.m2e.core.embedder.MavenSettingsLocations::equals (8 bytes)

GC Heap History (20 events):
Event: 66.938 GC heap before
{Heap before GC invocations=1342 (full 4):
 PSYoungGen      total 40448K, used 39736K [0x00000000d5580000, 0x00000000d8d00000, 0x0000000100000000)
  eden space 24576K, 100% used [0x00000000d5580000,0x00000000d6d80000,0x00000000d6d80000)
  from space 15872K, 95% used [0x00000000d6d80000,0x00000000d7c4e2f8,0x00000000d7d00000)
  to   space 15360K, 0% used [0x00000000d7e00000,0x00000000d7e00000,0x00000000d8d00000)
 ParOldGen       total 225280K, used 224871K [0x0000000080000000, 0x000000008dc00000, 0x00000000d5580000)
  object space 225280K, 99% used [0x0000000080000000,0x000000008db99f48,0x000000008dc00000)
 Metaspace       used 60913K, committed 62528K, reserved 1114112K
  class space    used 6586K, committed 7232K, reserved 1048576K
}
Event: 66.946 GC heap after
{Heap after GC invocations=1342 (full 4):
 PSYoungGen      total 40448K, used 15331K [0x00000000d5580000, 0x00000000d8f00000, 0x0000000100000000)
  eden space 25088K, 0% used [0x00000000d5580000,0x00000000d5580000,0x00000000d6e00000)
  from space 15360K, 99% used [0x00000000d7e00000,0x00000000d8cf8d08,0x00000000d8d00000)
  to   space 16384K, 0% used [0x00000000d6e00000,0x00000000d6e00000,0x00000000d7e00000)
 ParOldGen       total 225792K, used 225647K [0x0000000080000000, 0x000000008dc80000, 0x00000000d5580000)
  object space 225792K, 99% used [0x0000000080000000,0x000000008dc5bf48,0x000000008dc80000)
 Metaspace       used 60913K, committed 62528K, reserved 1114112K
  class space    used 6586K, committed 7232K, reserved 1048576K
}
Event: 66.979 GC heap before
{Heap before GC invocations=1343 (full 4):
 PSYoungGen      total 40448K, used 40419K [0x00000000d5580000, 0x00000000d8f00000, 0x0000000100000000)
  eden space 25088K, 100% used [0x00000000d5580000,0x00000000d6e00000,0x00000000d6e00000)
  from space 15360K, 99% used [0x00000000d7e00000,0x00000000d8cf8d08,0x00000000d8d00000)
  to   space 16384K, 0% used [0x00000000d6e00000,0x00000000d6e00000,0x00000000d7e00000)
 ParOldGen       total 225792K, used 225647K [0x0000000080000000, 0x000000008dc80000, 0x00000000d5580000)
  object space 225792K, 99% used [0x0000000080000000,0x000000008dc5bf48,0x000000008dc80000)
 Metaspace       used 60913K, committed 62528K, reserved 1114112K
  class space    used 6586K, committed 7232K, reserved 1048576K
}
Event: 66.987 GC heap after
{Heap after GC invocations=1343 (full 4):
 PSYoungGen      total 41472K, used 15413K [0x00000000d5580000, 0x00000000d8f00000, 0x0000000100000000)
  eden space 25088K, 0% used [0x00000000d5580000,0x00000000d5580000,0x00000000d6e00000)
  from space 16384K, 94% used [0x00000000d6e00000,0x00000000d7d0d548,0x00000000d7e00000)
  to   space 15872K, 0% used [0x00000000d7f80000,0x00000000d7f80000,0x00000000d8f00000)
 ParOldGen       total 226304K, used 226191K [0x0000000080000000, 0x000000008dd00000, 0x00000000d5580000)
  object space 226304K, 99% used [0x0000000080000000,0x000000008dce3f48,0x000000008dd00000)
 Metaspace       used 60913K, committed 62528K, reserved 1114112K
  class space    used 6586K, committed 7232K, reserved 1048576K
}
Event: 67.032 GC heap before
{Heap before GC invocations=1344 (full 4):
 PSYoungGen      total 41472K, used 40501K [0x00000000d5580000, 0x00000000d8f00000, 0x0000000100000000)
  eden space 25088K, 100% used [0x00000000d5580000,0x00000000d6e00000,0x00000000d6e00000)
  from space 16384K, 94% used [0x00000000d6e00000,0x00000000d7d0d548,0x00000000d7e00000)
  to   space 15872K, 0% used [0x00000000d7f80000,0x00000000d7f80000,0x00000000d8f00000)
 ParOldGen       total 226304K, used 226191K [0x0000000080000000, 0x000000008dd00000, 0x00000000d5580000)
  object space 226304K, 99% used [0x0000000080000000,0x000000008dce3f48,0x000000008dd00000)
 Metaspace       used 60925K, committed 62528K, reserved 1114112K
  class space    used 6589K, committed 7232K, reserved 1048576K
}
Event: 67.039 GC heap after
{Heap after GC invocations=1344 (full 4):
 PSYoungGen      total 41984K, used 14559K [0x00000000d5580000, 0x00000000d8e00000, 0x0000000100000000)
  eden space 27136K, 0% used [0x00000000d5580000,0x00000000d5580000,0x00000000d7000000)
  from space 14848K, 98% used [0x00000000d7f80000,0x00000000d8db7dd0,0x00000000d8e00000)
  to   space 15360K, 0% used [0x00000000d7000000,0x00000000d7000000,0x00000000d7f00000)
 ParOldGen       total 226304K, used 226191K [0x0000000080000000, 0x000000008dd00000, 0x00000000d5580000)
  object space 226304K, 99% used [0x0000000080000000,0x000000008dce3f48,0x000000008dd00000)
 Metaspace       used 60925K, committed 62528K, reserved 1114112K
  class space    used 6589K, committed 7232K, reserved 1048576K
}
Event: 67.093 GC heap before
{Heap before GC invocations=1345 (full 4):
 PSYoungGen      total 41984K, used 41695K [0x00000000d5580000, 0x00000000d8e00000, 0x0000000100000000)
  eden space 27136K, 100% used [0x00000000d5580000,0x00000000d7000000,0x00000000d7000000)
  from space 14848K, 98% used [0x00000000d7f80000,0x00000000d8db7dd0,0x00000000d8e00000)
  to   space 15360K, 0% used [0x00000000d7000000,0x00000000d7000000,0x00000000d7f00000)
 ParOldGen       total 226304K, used 226191K [0x0000000080000000, 0x000000008dd00000, 0x00000000d5580000)
  object space 226304K, 99% used [0x0000000080000000,0x000000008dce3f48,0x000000008dd00000)
 Metaspace       used 60945K, committed 62528K, reserved 1114112K
  class space    used 6590K, committed 7232K, reserved 1048576K
}
Event: 67.100 GC heap after
{Heap after GC invocations=1345 (full 4):
 PSYoungGen      total 42496K, used 14446K [0x00000000d5580000, 0x00000000d8f80000, 0x0000000100000000)
  eden space 27136K, 0% used [0x00000000d5580000,0x00000000d5580000,0x00000000d7000000)
  from space 15360K, 94% used [0x00000000d7000000,0x00000000d7e1ba18,0x00000000d7f00000)
  to   space 14848K, 0% used [0x00000000d8100000,0x00000000d8100000,0x00000000d8f80000)
 ParOldGen       total 226304K, used 226199K [0x0000000080000000, 0x000000008dd00000, 0x00000000d5580000)
  object space 226304K, 99% used [0x0000000080000000,0x000000008dce5f48,0x000000008dd00000)
 Metaspace       used 60945K, committed 62528K, reserved 1114112K
  class space    used 6590K, committed 7232K, reserved 1048576K
}
Event: 67.154 GC heap before
{Heap before GC invocations=1346 (full 4):
 PSYoungGen      total 42496K, used 41582K [0x00000000d5580000, 0x00000000d8f80000, 0x0000000100000000)
  eden space 27136K, 100% used [0x00000000d5580000,0x00000000d7000000,0x00000000d7000000)
  from space 15360K, 94% used [0x00000000d7000000,0x00000000d7e1ba18,0x00000000d7f00000)
  to   space 14848K, 0% used [0x00000000d8100000,0x00000000d8100000,0x00000000d8f80000)
 ParOldGen       total 226304K, used 226199K [0x0000000080000000, 0x000000008dd00000, 0x00000000d5580000)
  object space 226304K, 99% used [0x0000000080000000,0x000000008dce5f48,0x000000008dd00000)
 Metaspace       used 60969K, committed 62528K, reserved 1114112K
  class space    used 6590K, committed 7232K, reserved 1048576K
}
Event: 67.162 GC heap after
{Heap after GC invocations=1346 (full 4):
 PSYoungGen      total 44544K, used 14585K [0x00000000d5580000, 0x00000000d8f80000, 0x0000000100000000)
  eden space 29696K, 0% used [0x00000000d5580000,0x00000000d5580000,0x00000000d7280000)
  from space 14848K, 98% used [0x00000000d8100000,0x00000000d8f3e6e0,0x00000000d8f80000)
  to   space 14848K, 0% used [0x00000000d7280000,0x00000000d7280000,0x00000000d8100000)
 ParOldGen       total 226304K, used 226199K [0x0000000080000000, 0x000000008dd00000, 0x00000000d5580000)
  object space 226304K, 99% used [0x0000000080000000,0x000000008dce5f48,0x000000008dd00000)
 Metaspace       used 60969K, committed 62528K, reserved 1114112K
  class space    used 6590K, committed 7232K, reserved 1048576K
}
Event: 67.219 GC heap before
{Heap before GC invocations=1347 (full 4):
 PSYoungGen      total 44544K, used 44281K [0x00000000d5580000, 0x00000000d8f80000, 0x0000000100000000)
  eden space 29696K, 100% used [0x00000000d5580000,0x00000000d7280000,0x00000000d7280000)
  from space 14848K, 98% used [0x00000000d8100000,0x00000000d8f3e6e0,0x00000000d8f80000)
  to   space 14848K, 0% used [0x00000000d7280000,0x00000000d7280000,0x00000000d8100000)
 ParOldGen       total 226304K, used 226199K [0x0000000080000000, 0x000000008dd00000, 0x00000000d5580000)
  object space 226304K, 99% used [0x0000000080000000,0x000000008dce5f48,0x000000008dd00000)
 Metaspace       used 60979K, committed 62528K, reserved 1114112K
  class space    used 6590K, committed 7232K, reserved 1048576K
}
Event: 67.225 GC heap after
{Heap after GC invocations=1347 (full 4):
 PSYoungGen      total 44544K, used 14669K [0x00000000d5580000, 0x00000000d9200000, 0x0000000100000000)
  eden space 29696K, 0% used [0x00000000d5580000,0x00000000d5580000,0x00000000d7280000)
  from space 14848K, 98% used [0x00000000d7280000,0x00000000d80d37a0,0x00000000d8100000)
  to   space 14848K, 0% used [0x00000000d8380000,0x00000000d8380000,0x00000000d9200000)
 ParOldGen       total 226304K, used 226199K [0x0000000080000000, 0x000000008dd00000, 0x00000000d5580000)
  object space 226304K, 99% used [0x0000000080000000,0x000000008dce5f48,0x000000008dd00000)
 Metaspace       used 60979K, committed 62528K, reserved 1114112K
  class space    used 6590K, committed 7232K, reserved 1048576K
}
Event: 67.262 GC heap before
{Heap before GC invocations=1348 (full 4):
 PSYoungGen      total 44544K, used 44365K [0x00000000d5580000, 0x00000000d9200000, 0x0000000100000000)
  eden space 29696K, 100% used [0x00000000d5580000,0x00000000d7280000,0x00000000d7280000)
  from space 14848K, 98% used [0x00000000d7280000,0x00000000d80d37a0,0x00000000d8100000)
  to   space 14848K, 0% used [0x00000000d8380000,0x00000000d8380000,0x00000000d9200000)
 ParOldGen       total 226304K, used 226199K [0x0000000080000000, 0x000000008dd00000, 0x00000000d5580000)
  object space 226304K, 99% used [0x0000000080000000,0x000000008dce5f48,0x000000008dd00000)
 Metaspace       used 61013K, committed 62592K, reserved 1114112K
  class space    used 6591K, committed 7232K, reserved 1048576K
}
Event: 67.268 GC heap after
{Heap after GC invocations=1348 (full 4):
 PSYoungGen      total 47104K, used 14737K [0x00000000d5580000, 0x00000000d9200000, 0x0000000100000000)
  eden space 32256K, 0% used [0x00000000d5580000,0x00000000d5580000,0x00000000d7500000)
  from space 14848K, 99% used [0x00000000d8380000,0x00000000d91e44f8,0x00000000d9200000)
  to   space 14848K, 0% used [0x00000000d7500000,0x00000000d7500000,0x00000000d8380000)
 ParOldGen       total 226304K, used 226207K [0x0000000080000000, 0x000000008dd00000, 0x00000000d5580000)
  object space 226304K, 99% used [0x0000000080000000,0x000000008dce7f48,0x000000008dd00000)
 Metaspace       used 61013K, committed 62592K, reserved 1114112K
  class space    used 6591K, committed 7232K, reserved 1048576K
}
Event: 67.307 GC heap before
{Heap before GC invocations=1349 (full 4):
 PSYoungGen      total 47104K, used 46993K [0x00000000d5580000, 0x00000000d9200000, 0x0000000100000000)
  eden space 32256K, 100% used [0x00000000d5580000,0x00000000d7500000,0x00000000d7500000)
  from space 14848K, 99% used [0x00000000d8380000,0x00000000d91e44f8,0x00000000d9200000)
  to   space 14848K, 0% used [0x00000000d7500000,0x00000000d7500000,0x00000000d8380000)
 ParOldGen       total 226304K, used 226207K [0x0000000080000000, 0x000000008dd00000, 0x00000000d5580000)
  object space 226304K, 99% used [0x0000000080000000,0x000000008dce7f48,0x000000008dd00000)
 Metaspace       used 61027K, committed 62592K, reserved 1114112K
  class space    used 6591K, committed 7232K, reserved 1048576K
}
Event: 67.314 GC heap after
{Heap after GC invocations=1349 (full 4):
 PSYoungGen      total 47104K, used 14847K [0x00000000d5580000, 0x00000000d9800000, 0x0000000100000000)
  eden space 32256K, 0% used [0x00000000d5580000,0x00000000d5580000,0x00000000d7500000)
  from space 14848K, 99% used [0x00000000d7500000,0x00000000d837fe48,0x00000000d8380000)
  to   space 16384K, 0% used [0x00000000d8800000,0x00000000d8800000,0x00000000d9800000)
 ParOldGen       total 227328K, used 227243K [0x0000000080000000, 0x000000008de00000, 0x00000000d5580000)
  object space 227328K, 99% used [0x0000000080000000,0x000000008ddeaf80,0x000000008de00000)
 Metaspace       used 61027K, committed 62592K, reserved 1114112K
  class space    used 6591K, committed 7232K, reserved 1048576K
}
Event: 67.337 GC heap before
{Heap before GC invocations=1350 (full 4):
 PSYoungGen      total 47104K, used 47103K [0x00000000d5580000, 0x00000000d9800000, 0x0000000100000000)
  eden space 32256K, 100% used [0x00000000d5580000,0x00000000d7500000,0x00000000d7500000)
  from space 14848K, 99% used [0x00000000d7500000,0x00000000d837fe48,0x00000000d8380000)
  to   space 16384K, 0% used [0x00000000d8800000,0x00000000d8800000,0x00000000d9800000)
 ParOldGen       total 227328K, used 227243K [0x0000000080000000, 0x000000008de00000, 0x00000000d5580000)
  object space 227328K, 99% used [0x0000000080000000,0x000000008ddeaf80,0x000000008de00000)
 Metaspace       used 61028K, committed 62592K, reserved 1114112K
  class space    used 6591K, committed 7232K, reserved 1048576K
}
Event: 67.344 GC heap after
{Heap after GC invocations=1350 (full 4):
 PSYoungGen      total 50688K, used 15088K [0x00000000d5580000, 0x00000000d9700000, 0x0000000100000000)
  eden space 35328K, 0% used [0x00000000d5580000,0x00000000d5580000,0x00000000d7800000)
  from space 15360K, 98% used [0x00000000d8800000,0x00000000d96bc310,0x00000000d9700000)
  to   space 15872K, 0% used [0x00000000d7800000,0x00000000d7800000,0x00000000d8780000)
 ParOldGen       total 228352K, used 227923K [0x0000000080000000, 0x000000008df00000, 0x00000000d5580000)
  object space 228352K, 99% used [0x0000000080000000,0x000000008de94f80,0x000000008df00000)
 Metaspace       used 61028K, committed 62592K, reserved 1114112K
  class space    used 6591K, committed 7232K, reserved 1048576K
}
Event: 67.369 GC heap before
{Heap before GC invocations=1351 (full 4):
 PSYoungGen      total 50688K, used 50416K [0x00000000d5580000, 0x00000000d9700000, 0x0000000100000000)
  eden space 35328K, 100% used [0x00000000d5580000,0x00000000d7800000,0x00000000d7800000)
  from space 15360K, 98% used [0x00000000d8800000,0x00000000d96bc310,0x00000000d9700000)
  to   space 15872K, 0% used [0x00000000d7800000,0x00000000d7800000,0x00000000d8780000)
 ParOldGen       total 228352K, used 227923K [0x0000000080000000, 0x000000008df00000, 0x00000000d5580000)
  object space 228352K, 99% used [0x0000000080000000,0x000000008de94f80,0x000000008df00000)
 Metaspace       used 61032K, committed 62592K, reserved 1114112K
  class space    used 6591K, committed 7232K, reserved 1048576K
}
Event: 67.377 GC heap after
{Heap after GC invocations=1351 (full 4):
 PSYoungGen      total 51200K, used 15194K [0x00000000d5580000, 0x00000000d9980000, 0x0000000100000000)
  eden space 35328K, 0% used [0x00000000d5580000,0x00000000d5580000,0x00000000d7800000)
  from space 15872K, 95% used [0x00000000d7800000,0x00000000d86d6a78,0x00000000d8780000)
  to   space 15360K, 0% used [0x00000000d8a80000,0x00000000d8a80000,0x00000000d9980000)
 ParOldGen       total 228352K, used 227923K [0x0000000080000000, 0x000000008df00000, 0x00000000d5580000)
  object space 228352K, 99% used [0x0000000080000000,0x000000008de94f80,0x000000008df00000)
 Metaspace       used 61032K, committed 62592K, reserved 1114112K
  class space    used 6591K, committed 7232K, reserved 1048576K
}

Dll operation events (10 events):
Event: 0.021 Loaded shared library c:\Users\ASUS\.antigravity-ide\extensions\redhat.java-1.55.0-win32-x64\jre\21.0.11-win32-x86_64\bin\java.dll
Event: 0.145 Loaded shared library c:\Users\ASUS\.antigravity-ide\extensions\redhat.java-1.55.0-win32-x64\jre\21.0.11-win32-x86_64\bin\zip.dll
Event: 0.226 Loaded shared library C:\Users\ASUS\.antigravity-ide\extensions\redhat.java-1.55.0-win32-x64\jre\21.0.11-win32-x86_64\bin\instrument.dll
Event: 0.233 Loaded shared library C:\Users\ASUS\.antigravity-ide\extensions\redhat.java-1.55.0-win32-x64\jre\21.0.11-win32-x86_64\bin\net.dll
Event: 0.239 Loaded shared library C:\Users\ASUS\.antigravity-ide\extensions\redhat.java-1.55.0-win32-x64\jre\21.0.11-win32-x86_64\bin\nio.dll
Event: 0.267 Loaded shared library C:\Users\ASUS\.antigravity-ide\extensions\redhat.java-1.55.0-win32-x64\jre\21.0.11-win32-x86_64\bin\zip.dll
Event: 0.298 Loaded shared library C:\Users\ASUS\.antigravity-ide\extensions\redhat.java-1.55.0-win32-x64\jre\21.0.11-win32-x86_64\bin\jimage.dll
Event: 0.454 Loaded shared library c:\Users\ASUS\.antigravity-ide\extensions\redhat.java-1.55.0-win32-x64\jre\21.0.11-win32-x86_64\bin\verify.dll
Event: 6.031 Loaded shared library C:\Users\ASUS\AppData\Roaming\Antigravity IDE\User\globalStorage\redhat.java\1.55.0\config_win\org.eclipse.equinox.launcher\org.eclipse.equinox.launcher.win32.win32.x86_64_1.3.100.v20260613-0559\eclipse_11924.dll
Event: 12.013 Loaded shared library C:\Users\ASUS\AppData\Local\Temp\jna-2018896\jna6694392349305162237.dll

Deoptimization events (20 events):
Event: 67.259 Thread 0x000001eb966f3690 DEOPT PACKING pc=0x000001eb3a68adfb sp=0x000000be884fdc80
Event: 67.259 Thread 0x000001eb966f3690 DEOPT UNPACKING pc=0x000001eb41014242 sp=0x000000be884fd0f0 mode 0
Event: 67.259 Thread 0x000001eb966f3690 DEOPT PACKING pc=0x000001eb3a68adfb sp=0x000000be884fdc80
Event: 67.259 Thread 0x000001eb966f3690 DEOPT UNPACKING pc=0x000001eb41014242 sp=0x000000be884fd0f0 mode 0
Event: 67.261 Thread 0x000001eb966f6b10 Uncommon trap: trap_request=0xffffff45 fr.pc=0x000001eb41757020 relative=0x00000000000006c0
Event: 67.261 Thread 0x000001eb966f6b10 Uncommon trap: reason=unstable_if action=reinterpret pc=0x000001eb41757020 method=org.eclipse.jdt.internal.compiler.impl.CompilerOptions.versionFromJdkLevel(J)Ljava/lang/String; @ 7 c2
Event: 67.261 Thread 0x000001eb966f6b10 DEOPT PACKING pc=0x000001eb41757020 sp=0x000000be883fdfe0
Event: 67.261 Thread 0x000001eb966f6b10 DEOPT UNPACKING pc=0x000001eb41013aa2 sp=0x000000be883fdf98 mode 2
Event: 67.271 Thread 0x000001eb90c7b510 Uncommon trap: trap_request=0xffffff45 fr.pc=0x000001eb418ea3a4 relative=0x0000000000000804
Event: 67.271 Thread 0x000001eb90c7b510 Uncommon trap: reason=unstable_if action=reinterpret pc=0x000001eb418ea3a4 method=org.eclipse.jdt.internal.core.util.WeakHashSet.cleanupGarbageCollectedValues()V @ 68 c2
Event: 67.271 Thread 0x000001eb90c7b510 DEOPT PACKING pc=0x000001eb418ea3a4 sp=0x000000be8affeae0
Event: 67.271 Thread 0x000001eb90c7b510 DEOPT UNPACKING pc=0x000001eb41013aa2 sp=0x000000be8affe9f0 mode 2
Event: 67.302 Thread 0x000001eb966f6b10 Uncommon trap: trap_request=0xffffff45 fr.pc=0x000001eb41a10b6c relative=0x00000000000004cc
Event: 67.302 Thread 0x000001eb966f6b10 Uncommon trap: reason=unstable_if action=reinterpret pc=0x000001eb41a10b6c method=java.util.HashMap.putVal(ILjava/lang/Object;Ljava/lang/Object;ZZ)Ljava/lang/Object; @ 236 c2
Event: 67.302 Thread 0x000001eb966f6b10 DEOPT PACKING pc=0x000001eb41a10b6c sp=0x000000be883fd9d0
Event: 67.302 Thread 0x000001eb966f6b10 DEOPT UNPACKING pc=0x000001eb41013aa2 sp=0x000000be883fd938 mode 2
Event: 67.316 Thread 0x000001eb966f6b10 Uncommon trap: trap_request=0xffffff45 fr.pc=0x000001eb4170ed68 relative=0x00000000000001c8
Event: 67.319 Thread 0x000001eb966f6b10 Uncommon trap: reason=unstable_if action=reinterpret pc=0x000001eb4170ed68 method=org.eclipse.jdt.internal.core.util.WeakHashSet.cleanupGarbageCollectedValues()V @ 68 c2
Event: 67.319 Thread 0x000001eb966f6b10 DEOPT PACKING pc=0x000001eb4170ed68 sp=0x000000be883fddb0
Event: 67.319 Thread 0x000001eb966f6b10 DEOPT UNPACKING pc=0x000001eb41013aa2 sp=0x000000be883fdd28 mode 2

Classes loaded (20 events):
Event: 34.980 Loading class sun/nio/cs/ISO_8859_1$Encoder
Event: 34.980 Loading class sun/nio/cs/ISO_8859_1$Encoder done
Event: 34.980 Loading class sun/nio/cs/Surrogate$Parser
Event: 34.981 Loading class sun/nio/cs/Surrogate$Parser done
Event: 34.981 Loading class sun/nio/cs/Surrogate
Event: 34.981 Loading class sun/nio/cs/Surrogate done
Event: 66.670 Loading class java/util/concurrent/CompletableFuture$UniApply
Event: 66.670 Loading class java/util/concurrent/CompletableFuture$UniApply done
Event: 66.671 Loading class java/util/concurrent/CompletableFuture$UniExceptionally
Event: 66.671 Loading class java/util/concurrent/CompletableFuture$UniExceptionally done
Event: 66.675 Loading class java/lang/Throwable$WrappedPrintWriter
Event: 66.675 Loading class java/lang/Throwable$PrintStreamOrWriter
Event: 66.675 Loading class java/lang/Throwable$PrintStreamOrWriter done
Event: 66.675 Loading class java/lang/Throwable$WrappedPrintWriter done
Event: 66.697 Loading class javax/xml/transform/TransformerConfigurationException
Event: 66.698 Loading class javax/xml/transform/TransformerConfigurationException done
Event: 66.731 Loading class java/util/Hashtable$KeySet
Event: 66.731 Loading class java/util/Hashtable$KeySet done
Event: 67.054 Loading class java/lang/invoke/MethodHandleImpl$CountingWrapper$1
Event: 67.054 Loading class java/lang/invoke/MethodHandleImpl$CountingWrapper$1 done

Classes unloaded (11 events):
Event: 13.976 Thread 0x000001eb4d3235b0 Unloading class 0x000001eb4f1a8c00 'java/lang/invoke/LambdaForm$MH+0x000001eb4f1a8c00'
Event: 13.976 Thread 0x000001eb4d3235b0 Unloading class 0x000001eb4f1a8800 'java/lang/invoke/LambdaForm$MH+0x000001eb4f1a8800'
Event: 13.976 Thread 0x000001eb4d3235b0 Unloading class 0x000001eb4f1a8400 'java/lang/invoke/LambdaForm$MH+0x000001eb4f1a8400'
Event: 13.976 Thread 0x000001eb4d3235b0 Unloading class 0x000001eb4f1a8000 'java/lang/invoke/LambdaForm$MH+0x000001eb4f1a8000'
Event: 13.976 Thread 0x000001eb4d3235b0 Unloading class 0x000001eb4f1a7c00 'java/lang/invoke/LambdaForm$BMH+0x000001eb4f1a7c00'
Event: 13.976 Thread 0x000001eb4d3235b0 Unloading class 0x000001eb4f1a7800 'java/lang/invoke/LambdaForm$DMH+0x000001eb4f1a7800'
Event: 13.976 Thread 0x000001eb4d3235b0 Unloading class 0x000001eb4f1a6400 'java/lang/invoke/LambdaForm$DMH+0x000001eb4f1a6400'
Event: 26.308 Thread 0x000001eb4d3235b0 Unloading class 0x000001eb4f698400 'java/lang/invoke/LambdaForm$DMH+0x000001eb4f698400'
Event: 26.308 Thread 0x000001eb4d3235b0 Unloading class 0x000001eb4f698000 'java/lang/invoke/LambdaForm$DMH+0x000001eb4f698000'
Event: 26.308 Thread 0x000001eb4d3235b0 Unloading class 0x000001eb4f691400 'java/lang/invoke/LambdaForm$DMH+0x000001eb4f691400'
Event: 26.308 Thread 0x000001eb4d3235b0 Unloading class 0x000001eb4f691c00 'java/lang/invoke/LambdaForm$DMH+0x000001eb4f691c00'

Classes redefined (0 events):
No events

Internal exceptions (20 events):
Event: 66.089 Thread 0x000001eb90c78db0 Exception <a 'sun/nio/fs/WindowsException'{0x00000000d6871628}> (0x00000000d6871628) 
thrown [s\src\hotspot\share\prims\jni.cpp, line 520]
Event: 66.759 Thread 0x000001eb90c7b510 Exception <a 'sun/nio/fs/WindowsException'{0x00000000d6793d30}> (0x00000000d6793d30) 
thrown [s\src\hotspot\share\prims\jni.cpp, line 520]
Event: 66.759 Thread 0x000001eb90c7b510 Exception <a 'sun/nio/fs/WindowsException'{0x00000000d6794360}> (0x00000000d6794360) 
thrown [s\src\hotspot\share\prims\jni.cpp, line 520]
Event: 66.771 Thread 0x000001eb90c7b510 Exception <a 'sun/nio/fs/WindowsException'{0x00000000d67950a0}> (0x00000000d67950a0) 
thrown [s\src\hotspot\share\prims\jni.cpp, line 520]
Event: 66.771 Thread 0x000001eb90c7b510 Exception <a 'sun/nio/fs/WindowsException'{0x00000000d67956d0}> (0x00000000d67956d0) 
thrown [s\src\hotspot\share\prims\jni.cpp, line 520]
Event: 66.778 Thread 0x000001eb90c7b510 Exception <a 'java/io/FileNotFoundException'{0x00000000d6969898}> (0x00000000d6969898) 
thrown [s\src\hotspot\share\prims\jni.cpp, line 520]
Event: 66.778 Thread 0x000001eb90c7b510 Exception <a 'java/io/FileNotFoundException'{0x00000000d696a630}> (0x00000000d696a630) 
thrown [s\src\hotspot\share\prims\jni.cpp, line 520]
Event: 66.786 Thread 0x000001eb90c7b510 Exception <a 'sun/nio/fs/WindowsException'{0x00000000d6b182a0}> (0x00000000d6b182a0) 
thrown [s\src\hotspot\share\prims\jni.cpp, line 520]
Event: 66.786 Thread 0x000001eb90c7b510 Exception <a 'sun/nio/fs/WindowsException'{0x00000000d6b188d0}> (0x00000000d6b188d0) 
thrown [s\src\hotspot\share\prims\jni.cpp, line 520]
Event: 66.831 Thread 0x000001eb90c7b510 Exception <a 'sun/nio/fs/WindowsException'{0x00000000d6009c18}> (0x00000000d6009c18) 
thrown [s\src\hotspot\share\prims\jni.cpp, line 520]
Event: 66.831 Thread 0x000001eb90c7b510 Exception <a 'sun/nio/fs/WindowsException'{0x00000000d600a4f8}> (0x00000000d600a4f8) 
thrown [s\src\hotspot\share\prims\jni.cpp, line 520]
Event: 66.997 Thread 0x000001eb966f6b10 Implicit null exception at 0x000001eb415de1a1 to 0x000001eb415de4b4
Event: 67.238 Thread 0x000001eb966f3690 Exception <a 'sun/nio/fs/WindowsException'{0x00000000d5b964a0}> (0x00000000d5b964a0) 
thrown [s\src\hotspot\share\prims\jni.cpp, line 520]
Event: 67.238 Thread 0x000001eb966f3690 Exception <a 'sun/nio/fs/WindowsException'{0x00000000d5b96da0}> (0x00000000d5b96da0) 
thrown [s\src\hotspot\share\prims\jni.cpp, line 520]
Event: 67.239 Thread 0x000001eb966f3690 Exception <a 'sun/nio/fs/WindowsException'{0x00000000d5b97b30}> (0x00000000d5b97b30) 
thrown [s\src\hotspot\share\prims\jni.cpp, line 520]
Event: 67.239 Thread 0x000001eb966f3690 Exception <a 'sun/nio/fs/WindowsException'{0x00000000d5b98410}> (0x00000000d5b98410) 
thrown [s\src\hotspot\share\prims\jni.cpp, line 520]
Event: 67.239 Thread 0x000001eb966f3690 Exception <a 'sun/nio/fs/WindowsException'{0x00000000d5b99c20}> (0x00000000d5b99c20) 
thrown [s\src\hotspot\share\prims\jni.cpp, line 520]
Event: 67.239 Thread 0x000001eb966f3690 Exception <a 'sun/nio/fs/WindowsException'{0x00000000d5b9a500}> (0x00000000d5b9a500) 
thrown [s\src\hotspot\share\prims\jni.cpp, line 520]
Event: 67.243 Thread 0x000001eb966f3690 Exception <a 'sun/nio/fs/WindowsException'{0x00000000d5d82750}> (0x00000000d5d82750) 
thrown [s\src\hotspot\share\prims\jni.cpp, line 520]
Event: 67.243 Thread 0x000001eb966f3690 Exception <a 'sun/nio/fs/WindowsException'{0x00000000d5d83030}> (0x00000000d5d83030) 
thrown [s\src\hotspot\share\prims\jni.cpp, line 520]

ZGC Phase Switch (0 events):
No events

VM Operations (20 events):
Event: 66.947 Executing safepoint VM operation: ParallelGCFailedAllocation (Allocation Failure) done
Event: 66.979 Executing safepoint VM operation: ParallelGCFailedAllocation (Allocation Failure)
Event: 66.987 Executing safepoint VM operation: ParallelGCFailedAllocation (Allocation Failure) done
Event: 67.032 Executing safepoint VM operation: ParallelGCFailedAllocation (Allocation Failure)
Event: 67.039 Executing safepoint VM operation: ParallelGCFailedAllocation (Allocation Failure) done
Event: 67.093 Executing safepoint VM operation: ParallelGCFailedAllocation (Allocation Failure)
Event: 67.100 Executing safepoint VM operation: ParallelGCFailedAllocation (Allocation Failure) done
Event: 67.154 Executing safepoint VM operation: ParallelGCFailedAllocation (Allocation Failure)
Event: 67.162 Executing safepoint VM operation: ParallelGCFailedAllocation (Allocation Failure) done
Event: 67.219 Executing safepoint VM operation: ParallelGCFailedAllocation (Allocation Failure)
Event: 67.226 Executing safepoint VM operation: ParallelGCFailedAllocation (Allocation Failure) done
Event: 67.262 Executing safepoint VM operation: ParallelGCFailedAllocation (Allocation Failure)
Event: 67.268 Executing safepoint VM operation: ParallelGCFailedAllocation (Allocation Failure) done
Event: 67.307 Executing safepoint VM operation: ParallelGCFailedAllocation (Allocation Failure)
Event: 67.314 Executing safepoint VM operation: ParallelGCFailedAllocation (Allocation Failure) done
Event: 67.337 Executing safepoint VM operation: ParallelGCFailedAllocation (Allocation Failure)
Event: 67.344 Executing safepoint VM operation: ParallelGCFailedAllocation (Allocation Failure) done
Event: 67.369 Executing safepoint VM operation: ParallelGCFailedAllocation (Allocation Failure)
Event: 67.377 Executing safepoint VM operation: ParallelGCFailedAllocation (Allocation Failure) done
Event: 68.385 Executing safepoint VM operation: Cleanup

Memory protections (0 events):
No events

Nmethod flushes (20 events):
Event: 62.273 Thread 0x000001eb4d3235b0 flushing  nmethod 0x000001eb3abdeb90
Event: 62.273 Thread 0x000001eb4d3235b0 flushing  nmethod 0x000001eb3ac07d10
Event: 62.273 Thread 0x000001eb4d3235b0 flushing  nmethod 0x000001eb3ac08190
Event: 62.273 Thread 0x000001eb4d3235b0 flushing  nmethod 0x000001eb3ac08c10
Event: 62.273 Thread 0x000001eb4d3235b0 flushing  nmethod 0x000001eb3ac09010
Event: 62.273 Thread 0x000001eb4d3235b0 flushing  nmethod 0x000001eb3ac0b710
Event: 62.273 Thread 0x000001eb4d3235b0 flushing  nmethod 0x000001eb3ac13390
Event: 62.273 Thread 0x000001eb4d3235b0 flushing  nmethod 0x000001eb3ac13c10
Event: 62.273 Thread 0x000001eb4d3235b0 flushing  nmethod 0x000001eb3ac14410
Event: 62.273 Thread 0x000001eb4d3235b0 flushing  nmethod 0x000001eb3ac14a90
Event: 62.273 Thread 0x000001eb4d3235b0 flushing  nmethod 0x000001eb3ac61590
Event: 62.273 Thread 0x000001eb4d3235b0 flushing  nmethod 0x000001eb3ac61f10
Event: 62.273 Thread 0x000001eb4d3235b0 flushing  nmethod 0x000001eb3ac62390
Event: 62.273 Thread 0x000001eb4d3235b0 flushing  nmethod 0x000001eb3ac62790
Event: 62.273 Thread 0x000001eb4d3235b0 flushing  nmethod 0x000001eb3ac63890
Event: 62.273 Thread 0x000001eb4d3235b0 flushing  nmethod 0x000001eb3ac63e90
Event: 62.273 Thread 0x000001eb4d3235b0 flushing  nmethod 0x000001eb3ac64210
Event: 62.273 Thread 0x000001eb4d3235b0 flushing  nmethod 0x000001eb3ac70e90
Event: 62.273 Thread 0x000001eb4d3235b0 flushing  nmethod 0x000001eb3ac71210
Event: 62.273 Thread 0x000001eb4d3235b0 flushing  nmethod 0x000001eb3acaad90

Events (20 events):
Event: 35.351 Thread 0x000001eb97abbfc0 Thread exited: 0x000001eb97abbfc0
Event: 66.116 Thread 0x000001eb8f69d540 Thread added: 0x000001eb97abcd60
Event: 66.273 Thread 0x000001eb97abcd60 Thread exited: 0x000001eb97abcd60
Event: 66.671 Thread 0x000001eb97d702f0 Thread added: 0x000001eb966f6b10
Event: 66.671 Thread 0x000001eb97d702f0 Thread added: 0x000001eb966f3690
Event: 66.672 Thread 0x000001eb966f3690 Thread added: 0x000001eb966f8be0
Event: 66.672 Thread 0x000001eb966f8be0 Thread added: 0x000001eb966f71a0
Event: 66.674 Thread 0x000001eb8f69d540 Thread added: 0x000001eb97abb8f0
Event: 66.674 Thread 0x000001eb8f69d540 Thread added: 0x000001eb97abef70
Event: 66.714 Thread 0x000001eb90c78720 Thread added: 0x000001eb966f9900
Event: 66.715 Thread 0x000001eb90c78720 Thread added: 0x000001eb966f7830
Event: 66.716 Thread 0x000001eb966f7830 Thread added: 0x000001eb966f7ec0
Event: 66.716 Thread 0x000001eb966f9900 Thread added: 0x000001eb966f8550
Event: 66.719 Thread 0x000001eb966f7ec0 Thread added: 0x000001eb966f9270
Event: 66.720 Thread 0x000001eb966f8550 Thread added: 0x000001eb964a3d20
Event: 66.721 Thread 0x000001eb966f9270 Thread added: 0x000001eb964a15c0
Event: 66.724 Thread 0x000001eb964a3d20 Thread added: 0x000001eb964a1c50
Event: 66.724 Thread 0x000001eb964a15c0 Thread added: 0x000001eb90c7ae80
Event: 66.728 Thread 0x000001eb964a1c50 Thread added: 0x000001eb95bcd110
Event: 66.730 Thread 0x000001eb90c7ae80 Thread added: 0x000001eb95bcca80


Dynamic libraries:
0x00007ff72d4f0000 - 0x00007ff72d4fe000 	c:\Users\ASUS\.antigravity-ide\extensions\redhat.java-1.55.0-win32-x64\jre\21.0.11-win32-x86_64\bin\java.exe
0x00007ffafbbc0000 - 0x00007ffafbe26000 	C:\WINDOWS\SYSTEM32\ntdll.dll
0x00007ffafb2b0000 - 0x00007ffafb379000 	C:\WINDOWS\System32\KERNEL32.DLL
0x00007ffaf9340000 - 0x00007ffaf973a000 	C:\WINDOWS\System32\KERNELBASE.dll
0x00007ffaf8e50000 - 0x00007ffaf8f9c000 	C:\WINDOWS\System32\ucrtbase.dll
0x00007ffac5020000 - 0x00007ffac5038000 	c:\Users\ASUS\.antigravity-ide\extensions\redhat.java-1.55.0-win32-x64\jre\21.0.11-win32-x86_64\bin\jli.dll
0x00007ffafb8c0000 - 0x00007ffafba87000 	C:\WINDOWS\System32\USER32.dll
0x00007ffac4020000 - 0x00007ffac403e000 	c:\Users\ASUS\.antigravity-ide\extensions\redhat.java-1.55.0-win32-x64\jre\21.0.11-win32-x86_64\bin\VCRUNTIME140.dll
0x00007ffaf9120000 - 0x00007ffaf9147000 	C:\WINDOWS\System32\win32u.dll
0x00007ffafa450000 - 0x00007ffafa47b000 	C:\WINDOWS\System32\GDI32.dll
0x00007ffadc830000 - 0x00007ffadcac2000 	C:\WINDOWS\WinSxS\amd64_microsoft.windows.common-controls_6595b64144ccf1df_6.0.26100.8521_none_3e08b75ce33403b3\COMCTL32.dll
0x00007ffaf9210000 - 0x00007ffaf933b000 	C:\WINDOWS\System32\gdi32full.dll
0x00007ffafbaa0000 - 0x00007ffafbb49000 	C:\WINDOWS\System32\msvcrt.dll
0x00007ffaf9740000 - 0x00007ffaf97e3000 	C:\WINDOWS\System32\msvcp_win.dll
0x00007ffafae20000 - 0x00007ffafae52000 	C:\WINDOWS\System32\IMM32.DLL
0x00007ffae6260000 - 0x00007ffae626c000 	c:\Users\ASUS\.antigravity-ide\extensions\redhat.java-1.55.0-win32-x64\jre\21.0.11-win32-x86_64\bin\vcruntime140_1.dll
0x00007ffa88df0000 - 0x00007ffa88e7d000 	c:\Users\ASUS\.antigravity-ide\extensions\redhat.java-1.55.0-win32-x64\jre\21.0.11-win32-x86_64\bin\msvcp140.dll
0x00007ffa86b40000 - 0x00007ffa878e2000 	c:\Users\ASUS\.antigravity-ide\extensions\redhat.java-1.55.0-win32-x64\jre\21.0.11-win32-x86_64\bin\server\jvm.dll
0x00007ffafa390000 - 0x00007ffafa446000 	C:\WINDOWS\System32\ADVAPI32.dll
0x00007ffafa480000 - 0x00007ffafa52a000 	C:\WINDOWS\System32\sechost.dll
0x00007ffafb380000 - 0x00007ffafb498000 	C:\WINDOWS\System32\RPCRT4.dll
0x00007ffafa030000 - 0x00007ffafa0b0000 	C:\WINDOWS\System32\WS2_32.dll
0x00007ffaf8cb0000 - 0x00007ffaf8d0e000 	C:\WINDOWS\SYSTEM32\POWRPROF.dll
0x00007ffaee520000 - 0x00007ffaee556000 	C:\WINDOWS\SYSTEM32\WINMM.dll
0x00007ffadda50000 - 0x00007ffadda5b000 	C:\WINDOWS\SYSTEM32\VERSION.dll
0x00007ffaf8c90000 - 0x00007ffaf8ca4000 	C:\WINDOWS\SYSTEM32\UMPDC.dll
0x00007ffaf7ba0000 - 0x00007ffaf7bbb000 	C:\WINDOWS\SYSTEM32\kernel.appcore.dll
0x00007ffae4380000 - 0x00007ffae438a000 	c:\Users\ASUS\.antigravity-ide\extensions\redhat.java-1.55.0-win32-x64\jre\21.0.11-win32-x86_64\bin\jimage.dll
0x00007ffaf6500000 - 0x00007ffaf6742000 	C:\WINDOWS\SYSTEM32\DBGHELP.DLL
0x00007ffafae60000 - 0x00007ffafb1e3000 	C:\WINDOWS\System32\combase.dll
0x00007ffaf9f40000 - 0x00007ffafa019000 	C:\WINDOWS\System32\OLEAUT32.dll
0x00007ffad9770000 - 0x00007ffad97ab000 	C:\WINDOWS\SYSTEM32\dbgcore.DLL
0x00007ffaf9880000 - 0x00007ffaf9928000 	C:\WINDOWS\System32\bcryptPrimitives.dll
0x00007ffae42e0000 - 0x00007ffae42ef000 	c:\Users\ASUS\.antigravity-ide\extensions\redhat.java-1.55.0-win32-x64\jre\21.0.11-win32-x86_64\bin\instrument.dll
0x00007ffac3fd0000 - 0x00007ffac3ff0000 	c:\Users\ASUS\.antigravity-ide\extensions\redhat.java-1.55.0-win32-x64\jre\21.0.11-win32-x86_64\bin\java.dll
0x00007ffafa530000 - 0x00007ffafacb4000 	C:\WINDOWS\System32\SHELL32.dll
0x00007ffaf69d0000 - 0x00007ffaf7250000 	C:\WINDOWS\SYSTEM32\windows.storage.dll
0x00007ffafb740000 - 0x00007ffafb836000 	C:\WINDOWS\System32\SHCORE.dll
0x00007ffafb850000 - 0x00007ffafb8b7000 	C:\WINDOWS\System32\shlwapi.dll
0x00007ffaf8d70000 - 0x00007ffaf8d99000 	C:\WINDOWS\SYSTEM32\profapi.dll
0x00007ffac3620000 - 0x00007ffac3638000 	c:\Users\ASUS\.antigravity-ide\extensions\redhat.java-1.55.0-win32-x64\jre\21.0.11-win32-x86_64\bin\zip.dll
0x00007ffae0800000 - 0x00007ffae0810000 	C:\Users\ASUS\.antigravity-ide\extensions\redhat.java-1.55.0-win32-x64\jre\21.0.11-win32-x86_64\bin\net.dll
0x00007ffaee3f0000 - 0x00007ffaee519000 	C:\WINDOWS\SYSTEM32\WINHTTP.dll
0x00007ffaf80f0000 - 0x00007ffaf815c000 	C:\WINDOWS\system32\mswsock.dll
0x00007ffac8aa0000 - 0x00007ffac8ab6000 	C:\Users\ASUS\.antigravity-ide\extensions\redhat.java-1.55.0-win32-x64\jre\21.0.11-win32-x86_64\bin\nio.dll
0x00007ffae0660000 - 0x00007ffae0670000 	c:\Users\ASUS\.antigravity-ide\extensions\redhat.java-1.55.0-win32-x64\jre\21.0.11-win32-x86_64\bin\verify.dll
0x00007ffa95950000 - 0x00007ffa95995000 	C:\Users\ASUS\AppData\Roaming\Antigravity IDE\User\globalStorage\redhat.java\1.55.0\config_win\org.eclipse.equinox.launcher\org.eclipse.equinox.launcher.win32.win32.x86_64_1.3.100.v20260613-0559\eclipse_11924.dll
0x00007ffafa1a0000 - 0x00007ffafa338000 	C:\WINDOWS\System32\ole32.dll
0x00007ffaf84f0000 - 0x00007ffaf850b000 	C:\WINDOWS\SYSTEM32\CRYPTSP.dll
0x00007ffaf7b00000 - 0x00007ffaf7b39000 	C:\WINDOWS\system32\rsaenh.dll
0x00007ffaf81a0000 - 0x00007ffaf81d3000 	C:\WINDOWS\SYSTEM32\USERENV.dll
0x00007ffaf8d40000 - 0x00007ffaf8d6a000 	C:\WINDOWS\SYSTEM32\bcrypt.dll
0x00007ffaf8350000 - 0x00007ffaf835c000 	C:\WINDOWS\SYSTEM32\CRYPTBASE.dll
0x00007ffaf7580000 - 0x00007ffaf75b3000 	C:\WINDOWS\SYSTEM32\IPHLPAPI.DLL
0x00007ffafa020000 - 0x00007ffafa02a000 	C:\WINDOWS\System32\NSI.dll
0x00007ffab4900000 - 0x00007ffab4949000 	C:\Users\ASUS\AppData\Local\Temp\jna-2018896\jna6694392349305162237.dll
0x00007ffafb840000 - 0x00007ffafb848000 	C:\WINDOWS\System32\PSAPI.DLL
0x00007ffaef7a0000 - 0x00007ffaef7bd000 	C:\WINDOWS\SYSTEM32\dhcpcsvc6.DLL
0x00007ffaee650000 - 0x00007ffaee675000 	C:\WINDOWS\SYSTEM32\dhcpcsvc.DLL

JVMTI agents:
c:\Users\ASUS\.antigravity-ide\extensions\redhat.java-1.55.0-win32-x64\lombok\lombok-1.18.39-4050.jar path:c:\Users\ASUS\.antigravity-ide\extensions\redhat.java-1.55.0-win32-x64\jre\21.0.11-win32-x86_64\bin\instrument.dll, loaded, initialized, instrumentlib options:none

dbghelp: loaded successfully - version: 4.0.5 - missing functions: none
symbol engine: initialized successfully - sym options: 0x614 - pdb path: .;c:\Users\ASUS\.antigravity-ide\extensions\redhat.java-1.55.0-win32-x64\jre\21.0.11-win32-x86_64\bin;C:\WINDOWS\SYSTEM32;C:\WINDOWS\WinSxS\amd64_microsoft.windows.common-controls_6595b64144ccf1df_6.0.26100.8521_none_3e08b75ce33403b3;c:\Users\ASUS\.antigravity-ide\extensions\redhat.java-1.55.0-win32-x64\jre\21.0.11-win32-x86_64\bin\server;C:\Users\ASUS\AppData\Roaming\Antigravity IDE\User\globalStorage\redhat.java\1.55.0\config_win\org.eclipse.equinox.launcher\org.eclipse.equinox.launcher.win32.win32.x86_64_1.3.100.v20260613-0559;C:\Users\ASUS\AppData\Local\Temp\jna-2018896

VM Arguments:
jvm_args: --add-modules=ALL-SYSTEM --add-opens=java.base/java.util=ALL-UNNAMED --add-opens=java.base/java.lang=ALL-UNNAMED --add-opens=java.base/sun.nio.fs=ALL-UNNAMED -Declipse.application=org.eclipse.jdt.ls.core.id1 -Dosgi.bundles.defaultStartLevel=4 -Declipse.product=org.eclipse.jdt.ls.core.product -Djava.import.generatesMetadataFilesAtProjectRoot=false -DDetectVMInstallationsJob.disabled=true -Dfile.encoding=utf8 -XX:+UseParallelGC -XX:GCTimeRatio=4 -XX:AdaptiveSizePolicyWeight=90 -Dsun.zip.disableMemoryMapping=true -Xmx2G -Xms100m -Xlog:disable -javaagent:c:\Users\ASUS\.antigravity-ide\extensions\redhat.java-1.55.0-win32-x64\lombok\lombok-1.18.39-4050.jar -XX:+HeapDumpOnOutOfMemoryError -XX:HeapDumpPath=c:\Users\ASUS\AppData\Roaming\Antigravity IDE\User\workspaceStorage\eb2a1b49c0e2c575c4b2799b976d4a89\redhat.java -Daether.dependencyCollector.impl=bf 
java_command: c:\Users\ASUS\.antigravity-ide\extensions\redhat.java-1.55.0-win32-x64\server\plugins\org.eclipse.equinox.launcher_1.7.200.v20260619-2039.jar -configuration c:\Users\ASUS\AppData\Roaming\Antigravity IDE\User\globalStorage\redhat.java\1.55.0\config_win -data c:\Users\ASUS\AppData\Roaming\Antigravity IDE\User\workspaceStorage\eb2a1b49c0e2c575c4b2799b976d4a89\redhat.java\jdt_ws --pipe=\\.\pipe\lsp-47079f11bcb5bbb660500cb60b370c77-sock
java_class_path (initial): c:\Users\ASUS\.antigravity-ide\extensions\redhat.java-1.55.0-win32-x64\server\plugins\org.eclipse.equinox.launcher_1.7.200.v20260619-2039.jar
Launcher Type: SUN_STANDARD

[Global flags]
    uintx AdaptiveSizePolicyWeight                 = 90                                        {product} {command line}
     intx CICompilerCount                          = 4                                         {product} {ergonomic}
    uintx GCTimeRatio                              = 4                                         {product} {command line}
     bool HeapDumpOnOutOfMemoryError               = true                                   {manageable} {command line}
    ccstr HeapDumpPath                             = c:\Users\ASUS\AppData\Roaming\Antigravity IDE\User\workspaceStorage\eb2a1b49c0e2c575c4b2799b976d4a89\redhat.java         {manageable} {command line}
   size_t InitialHeapSize                          = 104857600                                 {product} {command line}
   size_t MaxHeapSize                              = 2147483648                                {product} {command line}
   size_t MaxNewSize                               = 715653120                                 {product} {ergonomic}
   size_t MinHeapDeltaBytes                        = 524288                                    {product} {ergonomic}
   size_t MinHeapSize                              = 104857600                                 {product} {command line}
   size_t NewSize                                  = 34603008                                  {product} {ergonomic}
    uintx NonNMethodCodeHeapSize                   = 5839372                                {pd product} {ergonomic}
    uintx NonProfiledCodeHeapSize                  = 122909434                              {pd product} {ergonomic}
   size_t OldSize                                  = 70254592                                  {product} {ergonomic}
    uintx ProfiledCodeHeapSize                     = 122909434                              {pd product} {ergonomic}
    uintx ReservedCodeCacheSize                    = 251658240                              {pd product} {ergonomic}
     bool SegmentedCodeCache                       = true                                      {product} {ergonomic}
   size_t SoftMaxHeapSize                          = 2147483648                             {manageable} {ergonomic}
     bool UseCompressedOops                        = true                           {product lp64_product} {ergonomic}
     bool UseLargePagesIndividualAllocation        = false                                  {pd product} {ergonomic}
     bool UseParallelGC                            = true                                      {product} {command line}

Logging:
Log output configuration:
 #0: stdout all=off uptime,level,tags foldmultilines=false
 #1: stderr all=off uptime,level,tags foldmultilines=false

Release file:
JAVA_VERSION="21.0.11" 
MODULES="java.base java.compiler java.datatransfer java.xml java.prefs java.desktop java.instrument java.logging java.management java.security.sasl java.naming java.rmi java.management.rmi java.net.http java.scripting java.security.jgss java.transaction.xa java.sql java.sql.rowset java.xml.crypto java.se java.smartcardio jdk.accessibility jdk.internal.jvmstat jdk.attach jdk.charsets jdk.internal.opt jdk.zipfs jdk.compiler jdk.crypto.ec jdk.crypto.cryptoki jdk.crypto.mscapi jdk.dynalink jdk.internal.ed jdk.editpad jdk.hotspot.agent jdk.httpserver jdk.internal.le jdk.internal.vm.ci jdk.internal.vm.compiler jdk.internal.vm.compiler.management jdk.jartool jdk.javadoc jdk.jcmd jdk.management jdk.management.agent jdk.jconsole jdk.jdeps jdk.jdwp.agent jdk.jdi jdk.jfr jdk.jshell jdk.jsobject jdk.jstatd jdk.localedata jdk.management.jfr jdk.naming.dns jdk.naming.rmi jdk.net jdk.nio.mapmode jdk.random jdk.sctp jdk.security.auth jdk.security.jgss jdk.unsupported jdk.unsupported.desktop jdk.xml.dom" 

Environment Variables:
PATH=C:\Program Files\Common Files\Oracle\Java\javapath;C:\WINDOWS\system32;C:\WINDOWS;C:\WINDOWS\System32\Wbem;C:\WINDOWS\System32\WindowsPowerShell\v1.0\;C:\WINDOWS\System32\OpenSSH\;C:\Program Files\Git\cmd;C:\xampp\mysql\bin;C:\Program Files\nodejs\;C:\Users\ASUS\AppData\Local\Programs\Python\Launcher\;C:\Users\ASUS\AppData\Local\Microsoft\WindowsApps;C:\Users\ASUS\AppData\Local\Programs\Microsoft VS Code\bin;C:\Program Files\JetBrains\IntelliJ IDEA 2026.1.1\bin;C:\Users\ASUS\AppData\Roaming\npm;C:\Users\ASUS\AppData\Local\Programs\Antigravity IDE\bin
USERNAME=ASUS
OS=Windows_NT
PROCESSOR_IDENTIFIER=Intel64 Family 6 Model 186 Stepping 2, GenuineIntel
TMP=C:\Users\ASUS\AppData\Local\Temp
TEMP=C:\Users\ASUS\AppData\Local\Temp




Periodic native trim disabled

---------------  S Y S T E M  ---------------

OS:
 Windows 11 , 64 bit Build 26100 (10.0.26100.8521)
OS uptime: 0 days 0:25 hours
Hyper-V role detected

CPU: total 12 (initial active 12) (6 cores per cpu, 2 threads per core) family 6 model 186 stepping 2 microcode 0x4122, cx8, cmov, fxsr, ht, mmx, 3dnowpref, sse, sse2, sse3, ssse3, sse4.1, sse4.2, popcnt, lzcnt, tsc, tscinvbit, avx, avx2, aes, erms, clmul, bmi1, bmi2, adx, sha, fma, vzeroupper, clflush, clflushopt, clwb, hv, serialize, rdtscp, rdpid, fsrm, f16c, cet_ibt, cet_ss
Processor Information for the first 12 processors :
  Max Mhz: 2100, Current Mhz: 2100, Mhz Limit: 2100

Memory: 4k page, system-wide physical 16009M (2457M free)
TotalPageFile size 16009M (AvailPageFile size 28M)
current process WorkingSet (physical memory assigned to process): 646M, peak: 975M
current process commit charge ("private bytes"): 580M, peak: 1634M

vm_info: OpenJDK 64-Bit Server VM (21.0.11+10-LTS) for windows-amd64 JRE (21.0.11+10-LTS), built on 2026-04-21T00:00:00Z by "admin" with MS VC++ 17.12 (VS2022)

END.
